#-----------------------------------------------------------
# Vivado v2017.2 (64-bit)
# SW Build 1909853 on Thu Jun 15 18:39:09 MDT 2017
# IP Build 1909766 on Thu Jun 15 19:58:00 MDT 2017
# Start of session at: Thu Jul 27 14:01:15 2017
# Process ID: 9160
# Current directory: C:/Users/dschussheim/Documents/GitHub/digital-servo/M_KX1_DB/Firmware/servo_tests/servo_tests
# Command line: vivado.exe -gui_launcher_event rodinguilauncherevent6092 C:\Users\dschussheim\Documents\GitHub\digital-servo\M_KX1_DB\Firmware\servo_tests\servo_tests\servo_tests.xpr
# Log file: C:/Users/dschussheim/Documents/GitHub/digital-servo/M_KX1_DB/Firmware/servo_tests/servo_tests/vivado.log
# Journal file: C:/Users/dschussheim/Documents/GitHub/digital-servo/M_KX1_DB/Firmware/servo_tests/servo_tests\vivado.jou
#-----------------------------------------------------------
start_gui
open_project C:/Users/dschussheim/Documents/GitHub/digital-servo/M_KX1_DB/Firmware/servo_tests/servo_tests/servo_tests.xpr
add_files -norecurse {C:/Users/dschussheim/Documents/GitHub/digital-servo/M_KX1_DB/Firmware/servo_tests/Servo_partial_reconfig/servo_partial_reconfig/PIDservo.v C:/Users/dschussheim/Documents/GitHub/digital-servo/M_KX1_DB/Firmware/servo_tests/Servo_partial_reconfig/servo_partial_reconfig/IIR1stOrder_test.v}
