--------------------------------------------------------------------------------
Release 14.7 Trace  (nt64)
Copyright (c) 1995-2013 Xilinx, Inc.  All rights reserved.

C:\Xilinx\14.7\ISE_DS\ISE\bin\nt64\unwrapped\trce.exe -intstyle ise -v 3 -s 1
-n 3 -fastpaths -xml AD9783.twx AD9783.ncd -o AD9783.twr AD9783.pcf

Design file:              AD9783.ncd
Physical constraint file: AD9783.pcf
Device,package,speed:     xc7k160t,fbg676,C,-1 (PRODUCTION 1.10 2013-10-13)
Report level:             verbose report

Environment Variable      Effect 
--------------------      ------ 
NONE                      No environment variables were set
--------------------------------------------------------------------------------

INFO:Timing:2698 - No timing constraints found, doing default enumeration.
INFO:Timing:3412 - To improve timing, see the Timing Closure User Guide (UG612).
INFO:Timing:2752 - To get complete path coverage, use the unconstrained paths 
   option. All paths that are not constrained will be reported in the 
   unconstrained paths section(s) of the report.
INFO:Timing:3339 - The clock-to-out numbers in this timing report are based on 
   a 50 Ohm transmission line loading model.  For the details of this model, 
   and for more information on accounting for different loading conditions, 
   please see the device datasheet.



Data Sheet report:
-----------------
All values displayed in nanoseconds (ns)

Setup/Hold to clock clk_in
------------+------------+------------+------------+------------+------------------+--------+
            |Max Setup to|  Process   |Max Hold to |  Process   |                  | Clock  |
Source      | clk (edge) |   Corner   | clk (edge) |   Corner   |Internal Clock(s) | Phase  |
------------+------------+------------+------------+------------+------------------+--------+
DAC0_in<0>  |    0.531(R)|      FAST  |    1.611(R)|      SLOW  |clk_in_BUFGP      |   0.000|
DAC0_in<1>  |    0.517(R)|      FAST  |    1.638(R)|      SLOW  |clk_in_BUFGP      |   0.000|
DAC0_in<2>  |    0.636(R)|      FAST  |    1.480(R)|      SLOW  |clk_in_BUFGP      |   0.000|
DAC0_in<3>  |    0.573(R)|      FAST  |    1.596(R)|      SLOW  |clk_in_BUFGP      |   0.000|
DAC0_in<4>  |    0.834(R)|      FAST  |    1.179(R)|      SLOW  |clk_in_BUFGP      |   0.000|
DAC0_in<5>  |    0.597(R)|      FAST  |    1.554(R)|      SLOW  |clk_in_BUFGP      |   0.000|
DAC0_in<6>  |    0.762(R)|      FAST  |    1.298(R)|      SLOW  |clk_in_BUFGP      |   0.000|
DAC0_in<7>  |    0.510(R)|      FAST  |    1.657(R)|      SLOW  |clk_in_BUFGP      |   0.000|
DAC0_in<8>  |    0.452(R)|      FAST  |    1.764(R)|      SLOW  |clk_in_BUFGP      |   0.000|
DAC0_in<9>  |    0.349(R)|      FAST  |    1.902(R)|      SLOW  |clk_in_BUFGP      |   0.000|
DAC0_in<10> |    0.710(R)|      FAST  |    1.258(R)|      SLOW  |clk_in_BUFGP      |   0.000|
DAC0_in<11> |    0.597(R)|      FAST  |    1.394(R)|      SLOW  |clk_in_BUFGP      |   0.000|
DAC0_in<12> |    0.570(R)|      FAST  |    1.436(R)|      SLOW  |clk_in_BUFGP      |   0.000|
DAC0_in<13> |    0.730(R)|      FAST  |    1.219(R)|      SLOW  |clk_in_BUFGP      |   0.000|
DAC0_in<14> |    0.531(R)|      FAST  |    1.608(R)|      SLOW  |clk_in_BUFGP      |   0.000|
DAC0_in<15> |    0.430(R)|      FAST  |    1.825(R)|      SLOW  |clk_in_BUFGP      |   0.000|
DAC1_in<0>  |    1.083(R)|      SLOW  |    0.293(R)|      FAST  |clk_in_BUFGP      |   0.000|
DAC1_in<1>  |    0.737(R)|      FAST  |    1.316(R)|      SLOW  |clk_in_BUFGP      |   0.000|
DAC1_in<2>  |    0.492(R)|      FAST  |    1.639(R)|      SLOW  |clk_in_BUFGP      |   0.000|
DAC1_in<3>  |    0.672(R)|      FAST  |    1.417(R)|      SLOW  |clk_in_BUFGP      |   0.000|
DAC1_in<4>  |    0.898(R)|      FAST  |    0.988(R)|      SLOW  |clk_in_BUFGP      |   0.000|
DAC1_in<5>  |    0.618(R)|      FAST  |    1.454(R)|      SLOW  |clk_in_BUFGP      |   0.000|
DAC1_in<6>  |    0.896(R)|      FAST  |    1.120(R)|      SLOW  |clk_in_BUFGP      |   0.000|
DAC1_in<7>  |    1.454(R)|      FAST  |    0.305(R)|      SLOW  |clk_in_BUFGP      |   0.000|
DAC1_in<8>  |    0.897(R)|      SLOW  |    0.423(R)|      FAST  |clk_in_BUFGP      |   0.000|
DAC1_in<9>  |    0.918(R)|      FAST  |    1.077(R)|      SLOW  |clk_in_BUFGP      |   0.000|
DAC1_in<10> |    1.037(R)|      FAST  |    0.825(R)|      SLOW  |clk_in_BUFGP      |   0.000|
DAC1_in<11> |    0.932(R)|      FAST  |    1.065(R)|      SLOW  |clk_in_BUFGP      |   0.000|
DAC1_in<12> |    0.763(R)|      FAST  |    1.247(R)|      SLOW  |clk_in_BUFGP      |   0.000|
DAC1_in<13> |    0.761(R)|      FAST  |    1.272(R)|      SLOW  |clk_in_BUFGP      |   0.000|
DAC1_in<14> |    0.925(R)|      FAST  |    1.005(R)|      SLOW  |clk_in_BUFGP      |   0.000|
DAC1_in<15> |   -0.260(R)|      FAST  |    2.879(R)|      SLOW  |clk_in_BUFGP      |   0.000|
------------+------------+------------+------------+------------+------------------+--------+

Clock clk_in to Pad
------------+-----------------+------------+-----------------+------------+------------------+--------+
            |Max (slowest) clk|  Process   |Min (fastest) clk|  Process   |                  | Clock  |
Destination |  (edge) to PAD  |   Corner   |  (edge) to PAD  |   Corner   |Internal Clock(s) | Phase  |
------------+-----------------+------------+-----------------+------------+------------------+--------+
CLK_out_n   |         7.344(R)|      SLOW  |         2.756(R)|      FAST  |clk_in_BUFGP      |   0.000|
            |         7.344(F)|      SLOW  |         2.756(F)|      FAST  |clk_in_BUFGP      |   0.000|
CLK_out_p   |         7.344(R)|      SLOW  |         2.756(R)|      FAST  |clk_in_BUFGP      |   0.000|
            |         7.344(F)|      SLOW  |         2.756(F)|      FAST  |clk_in_BUFGP      |   0.000|
DCI_out_n   |         7.304(R)|      SLOW  |         2.717(R)|      FAST  |clk_in_BUFGP      |   0.000|
            |         7.304(F)|      SLOW  |         2.717(F)|      FAST  |clk_in_BUFGP      |   0.000|
DCI_out_p   |         7.304(R)|      SLOW  |         2.717(R)|      FAST  |clk_in_BUFGP      |   0.000|
            |         7.304(F)|      SLOW  |         2.717(F)|      FAST  |clk_in_BUFGP      |   0.000|
D_out_n<0>  |         7.290(R)|      SLOW  |         2.705(R)|      FAST  |clk_in_BUFGP      |   0.000|
            |         7.290(F)|      SLOW  |         2.705(F)|      FAST  |clk_in_BUFGP      |   0.000|
D_out_n<1>  |         7.289(R)|      SLOW  |         2.704(R)|      FAST  |clk_in_BUFGP      |   0.000|
            |         7.289(F)|      SLOW  |         2.704(F)|      FAST  |clk_in_BUFGP      |   0.000|
D_out_n<2>  |         7.306(R)|      SLOW  |         2.722(R)|      FAST  |clk_in_BUFGP      |   0.000|
            |         7.306(F)|      SLOW  |         2.722(F)|      FAST  |clk_in_BUFGP      |   0.000|
D_out_n<3>  |         7.323(R)|      SLOW  |         2.739(R)|      FAST  |clk_in_BUFGP      |   0.000|
            |         7.323(F)|      SLOW  |         2.739(F)|      FAST  |clk_in_BUFGP      |   0.000|
D_out_n<4>  |         7.303(R)|      SLOW  |         2.718(R)|      FAST  |clk_in_BUFGP      |   0.000|
            |         7.303(F)|      SLOW  |         2.718(F)|      FAST  |clk_in_BUFGP      |   0.000|
D_out_n<5>  |         7.341(R)|      SLOW  |         2.755(R)|      FAST  |clk_in_BUFGP      |   0.000|
            |         7.341(F)|      SLOW  |         2.755(F)|      FAST  |clk_in_BUFGP      |   0.000|
D_out_n<6>  |         7.326(R)|      SLOW  |         2.739(R)|      FAST  |clk_in_BUFGP      |   0.000|
            |         7.326(F)|      SLOW  |         2.739(F)|      FAST  |clk_in_BUFGP      |   0.000|
D_out_n<7>  |         7.348(R)|      SLOW  |         2.760(R)|      FAST  |clk_in_BUFGP      |   0.000|
            |         7.348(F)|      SLOW  |         2.760(F)|      FAST  |clk_in_BUFGP      |   0.000|
D_out_n<8>  |         7.286(R)|      SLOW  |         2.699(R)|      FAST  |clk_in_BUFGP      |   0.000|
            |         7.286(F)|      SLOW  |         2.699(F)|      FAST  |clk_in_BUFGP      |   0.000|
D_out_n<9>  |         7.330(R)|      SLOW  |         2.742(R)|      FAST  |clk_in_BUFGP      |   0.000|
            |         7.330(F)|      SLOW  |         2.742(F)|      FAST  |clk_in_BUFGP      |   0.000|
D_out_n<10> |         7.340(R)|      SLOW  |         2.752(R)|      FAST  |clk_in_BUFGP      |   0.000|
            |         7.340(F)|      SLOW  |         2.752(F)|      FAST  |clk_in_BUFGP      |   0.000|
D_out_n<11> |         7.362(R)|      SLOW  |         2.773(R)|      FAST  |clk_in_BUFGP      |   0.000|
            |         7.362(F)|      SLOW  |         2.773(F)|      FAST  |clk_in_BUFGP      |   0.000|
D_out_n<12> |         7.331(R)|      SLOW  |         2.743(R)|      FAST  |clk_in_BUFGP      |   0.000|
            |         7.331(F)|      SLOW  |         2.743(F)|      FAST  |clk_in_BUFGP      |   0.000|
D_out_n<13> |         7.376(R)|      SLOW  |         2.786(R)|      FAST  |clk_in_BUFGP      |   0.000|
            |         7.376(F)|      SLOW  |         2.786(F)|      FAST  |clk_in_BUFGP      |   0.000|
D_out_n<14> |         7.353(R)|      SLOW  |         2.764(R)|      FAST  |clk_in_BUFGP      |   0.000|
            |         7.353(F)|      SLOW  |         2.764(F)|      FAST  |clk_in_BUFGP      |   0.000|
D_out_n<15> |         7.278(R)|      SLOW  |         2.690(R)|      FAST  |clk_in_BUFGP      |   0.000|
            |         7.278(F)|      SLOW  |         2.690(F)|      FAST  |clk_in_BUFGP      |   0.000|
D_out_p<0>  |         7.290(R)|      SLOW  |         2.705(R)|      FAST  |clk_in_BUFGP      |   0.000|
            |         7.290(F)|      SLOW  |         2.705(F)|      FAST  |clk_in_BUFGP      |   0.000|
D_out_p<1>  |         7.289(R)|      SLOW  |         2.704(R)|      FAST  |clk_in_BUFGP      |   0.000|
            |         7.289(F)|      SLOW  |         2.704(F)|      FAST  |clk_in_BUFGP      |   0.000|
D_out_p<2>  |         7.306(R)|      SLOW  |         2.722(R)|      FAST  |clk_in_BUFGP      |   0.000|
            |         7.306(F)|      SLOW  |         2.722(F)|      FAST  |clk_in_BUFGP      |   0.000|
D_out_p<3>  |         7.323(R)|      SLOW  |         2.739(R)|      FAST  |clk_in_BUFGP      |   0.000|
            |         7.323(F)|      SLOW  |         2.739(F)|      FAST  |clk_in_BUFGP      |   0.000|
D_out_p<4>  |         7.303(R)|      SLOW  |         2.718(R)|      FAST  |clk_in_BUFGP      |   0.000|
            |         7.303(F)|      SLOW  |         2.718(F)|      FAST  |clk_in_BUFGP      |   0.000|
D_out_p<5>  |         7.341(R)|      SLOW  |         2.755(R)|      FAST  |clk_in_BUFGP      |   0.000|
            |         7.341(F)|      SLOW  |         2.755(F)|      FAST  |clk_in_BUFGP      |   0.000|
D_out_p<6>  |         7.326(R)|      SLOW  |         2.739(R)|      FAST  |clk_in_BUFGP      |   0.000|
            |         7.326(F)|      SLOW  |         2.739(F)|      FAST  |clk_in_BUFGP      |   0.000|
D_out_p<7>  |         7.348(R)|      SLOW  |         2.760(R)|      FAST  |clk_in_BUFGP      |   0.000|
            |         7.348(F)|      SLOW  |         2.760(F)|      FAST  |clk_in_BUFGP      |   0.000|
D_out_p<8>  |         7.286(R)|      SLOW  |         2.699(R)|      FAST  |clk_in_BUFGP      |   0.000|
            |         7.286(F)|      SLOW  |         2.699(F)|      FAST  |clk_in_BUFGP      |   0.000|
D_out_p<9>  |         7.330(R)|      SLOW  |         2.742(R)|      FAST  |clk_in_BUFGP      |   0.000|
            |         7.330(F)|      SLOW  |         2.742(F)|      FAST  |clk_in_BUFGP      |   0.000|
D_out_p<10> |         7.340(R)|      SLOW  |         2.752(R)|      FAST  |clk_in_BUFGP      |   0.000|
            |         7.340(F)|      SLOW  |         2.752(F)|      FAST  |clk_in_BUFGP      |   0.000|
D_out_p<11> |         7.362(R)|      SLOW  |         2.773(R)|      FAST  |clk_in_BUFGP      |   0.000|
            |         7.362(F)|      SLOW  |         2.773(F)|      FAST  |clk_in_BUFGP      |   0.000|
D_out_p<12> |         7.331(R)|      SLOW  |         2.743(R)|      FAST  |clk_in_BUFGP      |   0.000|
            |         7.331(F)|      SLOW  |         2.743(F)|      FAST  |clk_in_BUFGP      |   0.000|
D_out_p<13> |         7.376(R)|      SLOW  |         2.786(R)|      FAST  |clk_in_BUFGP      |   0.000|
            |         7.376(F)|      SLOW  |         2.786(F)|      FAST  |clk_in_BUFGP      |   0.000|
D_out_p<14> |         7.353(R)|      SLOW  |         2.764(R)|      FAST  |clk_in_BUFGP      |   0.000|
            |         7.353(F)|      SLOW  |         2.764(F)|      FAST  |clk_in_BUFGP      |   0.000|
D_out_p<15> |         7.278(R)|      SLOW  |         2.690(R)|      FAST  |clk_in_BUFGP      |   0.000|
            |         7.278(F)|      SLOW  |         2.690(F)|      FAST  |clk_in_BUFGP      |   0.000|
------------+-----------------+------------+-----------------+------------+------------------+--------+

Clock to Setup on destination clock clk_in
---------------+---------+---------+---------+---------+
               | Src:Rise| Src:Fall| Src:Rise| Src:Fall|
Source Clock   |Dest:Rise|Dest:Rise|Dest:Fall|Dest:Fall|
---------------+---------+---------+---------+---------+
clk_in         |    2.333|         |    1.866|         |
---------------+---------+---------+---------+---------+


Analysis completed Thu Jun 01 15:54:49 2017 
--------------------------------------------------------------------------------

Trace Settings:
-------------------------
Trace Settings 

Peak Memory Usage: 766 MB



