Copyright 1986-2017 Xilinx, Inc. All Rights Reserved.
-------------------------------------------------------------------------------------------------------------------------------------
| Tool Version     : Vivado v.2017.2 (win64) Build 1909853 Thu Jun 15 18:39:09 MDT 2017
| Date             : Fri Sep 15 17:51:04 2017
| Host             : DESKTOP-VK82MLB running 64-bit major release  (build 9200)
| Command          : report_power -file LBOx2_power_routed.rpt -pb LBOx2_power_summary_routed.pb -rpx LBOx2_power_routed.rpx
| Design           : LBOx2
| Device           : xc7k160tfbg676-1
| Design State     : routed
| Grade            : commercial
| Process          : typical
| Characterization : Production
-------------------------------------------------------------------------------------------------------------------------------------

Power Report

Table of Contents
-----------------
1. Summary
1.1 On-Chip Components
1.2 Power Supply Summary
1.3 Confidence Level
2. Settings
2.1 Environment
2.2 Clock Constraints
3. Detailed Reports
3.1 By Hierarchy

1. Summary
----------

+--------------------------+-------+
| Total On-Chip Power (W)  | 1.977 |
| Dynamic (W)              | 1.857 |
| Device Static (W)        | 0.119 |
| Total Off-Chip Power (W) | 0.044 |
| Effective TJA (C/W)      | 1.9   |
| Max Ambient (C)          | 81.3  |
| Junction Temperature (C) | 28.7  |
| Confidence Level         | Low   |
| Setting File             | ---   |
| Simulation Activity File | ---   |
| Design Nets Matched      | NA    |
+--------------------------+-------+


1.1 On-Chip Components
----------------------

+-------------------------+-----------+----------+-----------+-----------------+
| On-Chip                 | Power (W) | Used     | Available | Utilization (%) |
+-------------------------+-----------+----------+-----------+-----------------+
| Clocks                  |     0.028 |       12 |       --- |             --- |
| Slice Logic             |     0.014 |     4141 |       --- |             --- |
|   LUT as Logic          |     0.011 |     1424 |    101400 |            1.40 |
|   CARRY4                |     0.002 |      330 |     25350 |            1.30 |
|   Register              |    <0.001 |     2245 |    202800 |            1.11 |
|   BUFG                  |    <0.001 |        3 |        32 |            9.38 |
|   LUT as Shift Register |    <0.001 |        3 |     35000 |           <0.01 |
|   Others                |     0.000 |       49 |       --- |             --- |
| Signals                 |     0.027 |     6316 |       --- |             --- |
| MMCM                    |     0.291 |        3 |         8 |           37.50 |
| DSPs                    |     0.039 |       48 |       600 |            8.00 |
| I/O                     |     1.458 |      105 |       400 |           26.25 |
| Static Power            |     0.119 |          |           |                 |
| Total                   |     1.977 |          |           |                 |
+-------------------------+-----------+----------+-----------+-----------------+


1.2 Power Supply Summary
------------------------

+-----------+-------------+-----------+-------------+------------+
| Source    | Voltage (V) | Total (A) | Dynamic (A) | Static (A) |
+-----------+-------------+-----------+-------------+------------+
| Vccint    |       1.000 |     0.177 |       0.131 |      0.047 |
| Vccaux    |       1.800 |     0.204 |       0.186 |      0.018 |
| Vcco33    |       3.300 |     0.000 |       0.000 |      0.000 |
| Vcco25    |       2.500 |     0.576 |       0.575 |      0.001 |
| Vcco18    |       1.800 |     0.000 |       0.000 |      0.000 |
| Vcco15    |       1.500 |     0.000 |       0.000 |      0.000 |
| Vcco135   |       1.350 |     0.000 |       0.000 |      0.000 |
| Vcco12    |       1.200 |     0.000 |       0.000 |      0.000 |
| Vccaux_io |       1.800 |     0.000 |       0.000 |      0.000 |
| Vccbram   |       1.000 |     0.001 |       0.000 |      0.001 |
| MGTAVcc   |       1.000 |     0.000 |       0.000 |      0.000 |
| MGTAVtt   |       1.200 |     0.000 |       0.000 |      0.000 |
| MGTVccaux |       1.800 |     0.000 |       0.000 |      0.000 |
| Vccadc    |       1.800 |     0.020 |       0.000 |      0.020 |
+-----------+-------------+-----------+-------------+------------+


1.3 Confidence Level
--------------------

+-----------------------------+------------+--------------------------------------------------------+--------------------------------------------------------------------------------------------------------------------+
| User Input Data             | Confidence | Details                                                | Action                                                                                                             |
+-----------------------------+------------+--------------------------------------------------------+--------------------------------------------------------------------------------------------------------------------+
| Design implementation state | High       | Design is routed                                       |                                                                                                                    |
| Clock nodes activity        | Low        | User specified less than 75% of clocks                 | Provide missing clock activity with a constraint file, simulation results or by editing the "By Clock Domain" view |
| I/O nodes activity          | Low        | More than 75% of inputs are missing user specification | Provide missing input activity with simulation results or by editing the "By Resource Type -> I/Os" view           |
| Internal nodes activity     | Medium     | User specified less than 25% of internal nodes         | Provide missing internal nodes activity with simulation results or by editing the "By Resource Type" views         |
| Device models               | High       | Device models are Production                           |                                                                                                                    |
|                             |            |                                                        |                                                                                                                    |
| Overall confidence level    | Low        |                                                        |                                                                                                                    |
+-----------------------------+------------+--------------------------------------------------------+--------------------------------------------------------------------------------------------------------------------+


2. Settings
-----------

2.1 Environment
---------------

+-----------------------+--------------------------+
| Ambient Temp (C)      | 25.0                     |
| ThetaJA (C/W)         | 1.9                      |
| Airflow (LFM)         | 250                      |
| Heat Sink             | medium (Medium Profile)  |
| ThetaSA (C/W)         | 3.4                      |
| Board Selection       | medium (10"x10")         |
| # of Board Layers     | 12to15 (12 to 15 Layers) |
| Board Temperature (C) | 25.0                     |
+-----------------------+--------------------------+


2.2 Clock Constraints
---------------------

+------------------------+---------------------------+-----------------+
| Clock                  | Domain                    | Constraint (ns) |
+------------------------+---------------------------+-----------------+
| MMCME2_BASE_inst_n_2   | DAC0/MMCME2_BASE_inst_n_2 |             5.0 |
| MMCME2_BASE_inst_n_2_1 | DAC1/MMCME2_BASE_inst_n_2 |             5.0 |
| clk                    | clk                       |            10.0 |
| clkDLYi                | DAC0/clkDLYi              |             5.0 |
| clkENC_int             | ADC/clkENC_int            |            10.0 |
| clkFB                  | ADC/clkFB                 |            10.0 |
| clkFB_1                | DAC0/clkFB                |            10.0 |
| clkFB_2                | DAC1/clkFB                |            10.0 |
| clk_div_int            | ADC/clk_div_int           |            10.0 |
| clk_int                | ADC/clk_int               |             1.3 |
+------------------------+---------------------------+-----------------+


3. Detailed Reports
-------------------

3.1 By Hierarchy
----------------

+----------------------+-----------+
| Name                 | Power (W) |
+----------------------+-----------+
| LBOx2                |     1.857 |
|   ADC                |     0.203 |
|     LTC2195_SPI_inst |     0.003 |
|     hzClk            |    <0.001 |
|   DAC0               |     0.747 |
|     AD_9783_SPI_inst |     0.003 |
|   DAC1               |     0.778 |
|     AD_9783_SPI_inst |     0.002 |
|   LBO2               |     0.033 |
|     PD               |     0.017 |
|     PI               |     0.015 |
|   LP1e2              |     0.022 |
|   LP2                |     0.018 |
|   new_param_deser1   |    <0.001 |
|     deser_clk_origin |    <0.001 |
|   relockSweep2       |     0.002 |
|   startup_reset      |    <0.001 |
+----------------------+-----------+


