#-----------------------------------------------------------
# Vivado v2017.2 (64-bit)
# SW Build 1909853 on Thu Jun 15 18:39:09 MDT 2017
# IP Build 1909766 on Thu Jun 15 19:58:00 MDT 2017
# Start of session at: Mon Jul 31 15:02:56 2017
# Process ID: 1924
# Current directory: C:/Users/dschussheim/Documents/GitHub/digital-servo/M_KX1_DB/Firmware/ADC_TEST_VIVADO/project_1
# Command line: vivado.exe -gui_launcher_event rodinguilauncherevent9484 C:\Users\dschussheim\Documents\GitHub\digital-servo\M_KX1_DB\Firmware\ADC_TEST_VIVADO\project_1\project_1.xpr
# Log file: C:/Users/dschussheim/Documents/GitHub/digital-servo/M_KX1_DB/Firmware/ADC_TEST_VIVADO/project_1/vivado.log
# Journal file: C:/Users/dschussheim/Documents/GitHub/digital-servo/M_KX1_DB/Firmware/ADC_TEST_VIVADO/project_1\vivado.jou
#-----------------------------------------------------------
start_gui
open_project C:/Users/dschussheim/Documents/GitHub/digital-servo/M_KX1_DB/Firmware/ADC_TEST_VIVADO/project_1/project_1.xpr
open_hw
connect_hw_server
open_hw_target
set_property PROGRAM.FILE {C:/Users/dschussheim/Documents/GitHub/digital-servo/M_KX1_DB/Firmware/ADC_TEST_VIVADO/project_1/project_1.runs/impl_1/ADC_test.bit} [get_hw_devices xc7k160t_0]
current_hw_device [get_hw_devices xc7k160t_0]
refresh_hw_device -update_hw_probes false [lindex [get_hw_devices xc7k160t_0] 0]
set_property PROBES.FILE {} [get_hw_devices xc7k160t_0]
set_property FULL_PROBES.FILE {} [get_hw_devices xc7k160t_0]
set_property PROGRAM.FILE {C:/Users/dschussheim/Documents/GitHub/digital-servo/M_KX1_DB/Firmware/ADC_TEST_VIVADO/project_1/project_1.runs/impl_1/ADC_test.bit} [get_hw_devices xc7k160t_0]
program_hw_devices [get_hw_devices xc7k160t_0]
refresh_hw_device [lindex [get_hw_devices xc7k160t_0] 0]
reset_run synth_1
launch_runs impl_1 -to_step write_bitstream
wait_on_run impl_1
set_property PROBES.FILE {} [get_hw_devices xc7k160t_0]
set_property FULL_PROBES.FILE {} [get_hw_devices xc7k160t_0]
set_property PROGRAM.FILE {C:/Users/dschussheim/Documents/GitHub/digital-servo/M_KX1_DB/Firmware/ADC_TEST_VIVADO/project_1/project_1.runs/impl_1/ADC_test.bit} [get_hw_devices xc7k160t_0]
program_hw_devices [get_hw_devices xc7k160t_0]
refresh_hw_device [lindex [get_hw_devices xc7k160t_0] 0]
disconnect_hw_server localhost:3121
connect_hw_server
open_hw_target
disconnect_hw_server localhost:3121
connect_hw_server
open_hw_target
refresh_hw_target {localhost:3121/xilinx_tcf/Digilent/210299A1F7C3}
close_hw_target {localhost:3121/xilinx_tcf/Digilent/210299A1F7C3}
refresh_hw_server {localhost:3121}
disconnect_hw_server localhost:3121
connect_hw_server
open_hw_target
close_hw_target {localhost:3121/xilinx_tcf/Digilent/210299A1F7C3}
