Copyright 1986-2017 Xilinx, Inc. All Rights Reserved.
------------------------------------------------------------------------------------------------------------------------------------------
| Tool Version : Vivado v.2017.2 (win64) Build 1909853 Thu Jun 15 18:39:09 MDT 2017
| Date         : Mon Jul 17 19:16:55 2017
| Host         : DESKTOP-VK82MLB running 64-bit major release  (build 9200)
| Command      : report_drc -file IIR1stOrder_test_drc_routed.rpt -pb IIR1stOrder_test_drc_routed.pb -rpx IIR1stOrder_test_drc_routed.rpx
| Design       : IIR1stOrder_test
| Device       : xc7k160tfbg676-1
| Speed File   : -1
| Design State : Routed
------------------------------------------------------------------------------------------------------------------------------------------

Report DRC

Table of Contents
-----------------
1. REPORT SUMMARY
2. REPORT DETAILS

1. REPORT SUMMARY
-----------------
            Netlist: netlist
          Floorplan: design_1
      Design limits: <entire design considered>
           Ruledeck: default
             Max violations: <unlimited>
             Violations found: 9
+----------+----------+-------------------+------------+
| Rule     | Severity | Description       | Violations |
+----------+----------+-------------------+------------+
| PDRC-153 | Warning  | Gated clock check | 9          |
+----------+----------+-------------------+------------+

2. REPORT DETAILS
-----------------
PDRC-153#1 Warning
Gated clock check  
Net AD9783_inst1/AD_9783_SPI_inst/data_out_reg[10]_LDC_i_1_n_0 is a gated clock net sourced by a combinational pin AD9783_inst1/AD_9783_SPI_inst/data_out_reg[10]_LDC_i_1/O, cell AD9783_inst1/AD_9783_SPI_inst/data_out_reg[10]_LDC_i_1. This is not good design practice and will likely impact performance. For SLICE registers, for example, use the CE pin to control the loading of data.
Related violations: <none>

PDRC-153#2 Warning
Gated clock check  
Net AD9783_inst1/AD_9783_SPI_inst/data_out_reg[15]_LDC_i_1_n_0 is a gated clock net sourced by a combinational pin AD9783_inst1/AD_9783_SPI_inst/data_out_reg[15]_LDC_i_1/O, cell AD9783_inst1/AD_9783_SPI_inst/data_out_reg[15]_LDC_i_1. This is not good design practice and will likely impact performance. For SLICE registers, for example, use the CE pin to control the loading of data.
Related violations: <none>

PDRC-153#3 Warning
Gated clock check  
Net AD9783_inst1/AD_9783_SPI_inst/data_out_reg[7]_LDC_i_1__0_n_0 is a gated clock net sourced by a combinational pin AD9783_inst1/AD_9783_SPI_inst/data_out_reg[7]_LDC_i_1__0/O, cell AD9783_inst1/AD_9783_SPI_inst/data_out_reg[7]_LDC_i_1__0. This is not good design practice and will likely impact performance. For SLICE registers, for example, use the CE pin to control the loading of data.
Related violations: <none>

PDRC-153#4 Warning
Gated clock check  
Net AD9783_inst1/AD_9783_SPI_inst/data_out_reg[8]_LDC_i_1__0_n_0 is a gated clock net sourced by a combinational pin AD9783_inst1/AD_9783_SPI_inst/data_out_reg[8]_LDC_i_1__0/O, cell AD9783_inst1/AD_9783_SPI_inst/data_out_reg[8]_LDC_i_1__0. This is not good design practice and will likely impact performance. For SLICE registers, for example, use the CE pin to control the loading of data.
Related violations: <none>

PDRC-153#5 Warning
Gated clock check  
Net AD9783_inst1/AD_9783_SPI_inst/state_f_reg[0]_LDC_i_1_n_0 is a gated clock net sourced by a combinational pin AD9783_inst1/AD_9783_SPI_inst/state_f_reg[0]_LDC_i_1/O, cell AD9783_inst1/AD_9783_SPI_inst/state_f_reg[0]_LDC_i_1. This is not good design practice and will likely impact performance. For SLICE registers, for example, use the CE pin to control the loading of data.
Related violations: <none>

PDRC-153#6 Warning
Gated clock check  
Net ADC1/LTC2195_SPI_inst/data_out_reg[7]_LDC_i_1_n_0 is a gated clock net sourced by a combinational pin ADC1/LTC2195_SPI_inst/data_out_reg[7]_LDC_i_1/O, cell ADC1/LTC2195_SPI_inst/data_out_reg[7]_LDC_i_1. This is not good design practice and will likely impact performance. For SLICE registers, for example, use the CE pin to control the loading of data.
Related violations: <none>

PDRC-153#7 Warning
Gated clock check  
Net ADC1/LTC2195_SPI_inst/data_out_reg[8]_LDC_i_1_n_0 is a gated clock net sourced by a combinational pin ADC1/LTC2195_SPI_inst/data_out_reg[8]_LDC_i_1/O, cell ADC1/LTC2195_SPI_inst/data_out_reg[8]_LDC_i_1. This is not good design practice and will likely impact performance. For SLICE registers, for example, use the CE pin to control the loading of data.
Related violations: <none>

PDRC-153#8 Warning
Gated clock check  
Net ADC1/LTC2195_SPI_inst/data_out_reg[9]_LDC_i_1_n_0 is a gated clock net sourced by a combinational pin ADC1/LTC2195_SPI_inst/data_out_reg[9]_LDC_i_1/O, cell ADC1/LTC2195_SPI_inst/data_out_reg[9]_LDC_i_1. This is not good design practice and will likely impact performance. For SLICE registers, for example, use the CE pin to control the loading of data.
Related violations: <none>

PDRC-153#9 Warning
Gated clock check  
Net ADC1/LTC2195_SPI_inst/state_f_reg[0]_LDC_i_1_n_0 is a gated clock net sourced by a combinational pin ADC1/LTC2195_SPI_inst/state_f_reg[0]_LDC_i_1/O, cell ADC1/LTC2195_SPI_inst/state_f_reg[0]_LDC_i_1. This is not good design practice and will likely impact performance. For SLICE registers, for example, use the CE pin to control the loading of data.
Related violations: <none>


