Copyright 1986-2017 Xilinx, Inc. All Rights Reserved.
--------------------------------------------------------------------------------------------
| Tool Version : Vivado v.2017.2 (win64) Build 1909853 Thu Jun 15 18:39:09 MDT 2017
| Date         : Wed Sep 20 18:38:27 2017
| Host         : DESKTOP-VK82MLB running 64-bit major release  (build 9200)
| Command      : report_control_sets -verbose -file SecondOrderTest_control_sets_placed.rpt
| Design       : SecondOrderTest
| Device       : xc7k160t
--------------------------------------------------------------------------------------------

Control Set Information

Table of Contents
-----------------
1. Summary
2. Flip-Flop Distribution
3. Detailed Control Set Information

1. Summary
----------

+----------------------------------------------------------+-------+
|                          Status                          | Count |
+----------------------------------------------------------+-------+
| Number of unique control sets                            |    63 |
| Unused register locations in slices containing registers |   341 |
+----------------------------------------------------------+-------+


2. Flip-Flop Distribution
-------------------------

+--------------+-----------------------+------------------------+-----------------+--------------+
| Clock Enable | Synchronous Set/Reset | Asynchronous Set/Reset | Total Registers | Total Slices |
+--------------+-----------------------+------------------------+-----------------+--------------+
| No           | No                    | No                     |             122 |           54 |
| No           | No                    | Yes                    |              98 |           42 |
| No           | Yes                   | No                     |              31 |           17 |
| Yes          | No                    | No                     |              47 |           20 |
| Yes          | No                    | Yes                    |              93 |           27 |
| Yes          | Yes                   | No                     |               4 |            1 |
+--------------+-----------------------+------------------------+-----------------+--------------+


3. Detailed Control Set Information
-----------------------------------

+-------------------------------------------------------+-------------------------------------------+------------------------------------------------------+------------------+----------------+
|                      Clock Signal                     |               Enable Signal               |                   Set/Reset Signal                   | Slice Load Count | Bel Load Count |
+-------------------------------------------------------+-------------------------------------------+------------------------------------------------------+------------------+----------------+
|  DAC0/AD_9783_SPI_inst/state_f_reg[0]_LDC_i_1_n_0     |                                           | startup_reset/rst_in                                 |                1 |              1 |
|  spi_clk_BUFG                                         |                                           | ADC/LTC2195_SPI_inst/data_out_reg[9]_LDC_i_2_n_0     |                1 |              1 |
|  DAC0/AD_9783_SPI_inst/data_out_reg[15]_LDC_i_1_n_0   |                                           | DAC0/AD_9783_SPI_inst/data_out_reg[15]_LDC_i_2_n_0   |                1 |              1 |
|  DAC0/AD_9783_SPI_inst/data_out_reg[7]_LDC_i_1__0_n_0 |                                           | DAC0/AD_9783_SPI_inst/data_out_reg[7]_LDC_i_2__0_n_0 |                1 |              1 |
|  DAC0/AD_9783_SPI_inst/data_out_reg[8]_LDC_i_1__0_n_0 |                                           | DAC0/AD_9783_SPI_inst/data_out_reg[8]_LDC_i_2__0_n_0 |                1 |              1 |
|  spi_clk_BUFG                                         |                                           | ADC/LTC2195_SPI_inst/state_f_reg[0]_LDC_i_1_n_0      |                1 |              1 |
|  spi_clk_BUFG                                         |                                           | startup_reset/rst_in                                 |                1 |              1 |
|  DAC1/AD_9783_SPI_inst/spi_clk_reg_n_0                |                                           | DAC1/AD_9783_SPI_inst/state_f_reg[0]_LDC_i_1_n_0     |                1 |              1 |
|  DAC1/AD_9783_SPI_inst/spi_clk_reg_n_0                |                                           | startup_reset/rst_in                                 |                1 |              1 |
|  spi_clk_BUFG                                         | ADC/LTC2195_SPI_inst/data_out[6]_i_1_n_0  | ADC/LTC2195_SPI_inst/data_out_reg[9]_LDC_i_1_n_0     |                1 |              1 |
|  DAC1/AD_9783_SPI_inst/spi_clk_reg_n_0                | DAC1/AD_9783_SPI_inst/spi_scs_out4_out    |                                                      |                1 |              1 |
|  DAC1/AD_9783_SPI_inst/state_f_reg[0]_LDC_i_1_n_0     |                                           | startup_reset/rst_in                                 |                1 |              1 |
|  spi_clk_BUFG                                         | ADC/LTC2195_SPI_inst/spi_sck_out3_out     |                                                      |                1 |              1 |
|  ADC/LTC2195_SPI_inst/data_out_reg[7]_LDC_i_1_n_0     |                                           | ADC/LTC2195_SPI_inst/data_out_reg[7]_LDC_i_2_n_0     |                1 |              1 |
|  ADC/LTC2195_SPI_inst/data_out_reg[8]_LDC_i_1_n_0     |                                           | ADC/LTC2195_SPI_inst/data_out_reg[8]_LDC_i_2_n_0     |                1 |              1 |
|  ADC/LTC2195_SPI_inst/data_out_reg[9]_LDC_i_1_n_0     |                                           | ADC/LTC2195_SPI_inst/data_out_reg[9]_LDC_i_2_n_0     |                1 |              1 |
|  ADC/LTC2195_SPI_inst/state_f_reg[0]_LDC_i_1_n_0      |                                           | startup_reset/rst_in                                 |                1 |              1 |
|  spi_clk_BUFG                                         | ADC/LTC2195_SPI_inst/spi_sdo_out2_out     |                                                      |                1 |              1 |
|  counter_f_reg[11]_i_3_n_0                            |                                           | DAC0/AD_9783_SPI_inst/state_f_reg[0]_LDC_i_1_n_0     |                1 |              1 |
|  counter_f_reg[11]_i_3_n_0                            |                                           | DAC0/AD_9783_SPI_inst/data_out_reg[15]_LDC_i_2_n_0   |                1 |              1 |
|  counter_f_reg[11]_i_3_n_0                            | DAC0/AD_9783_SPI_inst/data_out[9]_i_1_n_0 | DAC0/AD_9783_SPI_inst/data_out_reg[15]_LDC_i_1_n_0   |                1 |              1 |
|  counter_f_reg[11]_i_3_n_0                            |                                           | DAC0/AD_9783_SPI_inst/data_out_reg[8]_LDC_i_2__0_n_0 |                1 |              1 |
|  counter_f_reg[11]_i_3_n_0                            |                                           | startup_reset/rst_in                                 |                1 |              1 |
|  counter_f_reg[11]_i_3_n_0                            | DAC0/AD_9783_SPI_inst/data_out[9]_i_1_n_0 | DAC0/AD_9783_SPI_inst/data_out_reg[10]_LDC_i_2_n_0   |                1 |              1 |
|  clk_in                                               | DAC0/rst_out1_out                         |                                                      |                1 |              1 |
|  counter_f_reg[11]_i_3_n_0                            | DAC0/AD_9783_SPI_inst/spi_sdo_out2_out    |                                                      |                1 |              1 |
|  counter_f_reg[11]_i_3_n_0                            | DAC0/AD_9783_SPI_inst/data_out[9]_i_1_n_0 | DAC0/AD_9783_SPI_inst/data_out_reg[8]_LDC_i_1__0_n_0 |                1 |              1 |
|  clk_in                                               | DAC1/rst_out1_out                         |                                                      |                1 |              1 |
|  counter_f_reg[11]_i_3_n_0                            | DAC0/AD_9783_SPI_inst/spi_sck_out3_out    |                                                      |                1 |              1 |
|  counter_f_reg[11]_i_3_n_0                            | DAC0/AD_9783_SPI_inst/spi_scs_out4_out    |                                                      |                1 |              1 |
|  spi_clk_BUFG                                         |                                           | ADC/LTC2195_SPI_inst/data_out_reg[7]_LDC_i_2_n_0     |                1 |              1 |
|  spi_clk_BUFG                                         | ADC/LTC2195_SPI_inst/data_out[6]_i_1_n_0  | ADC/LTC2195_SPI_inst/data_out_reg[7]_LDC_i_1_n_0     |                1 |              1 |
|  DAC0/AD_9783_SPI_inst/data_out_reg[10]_LDC_i_1_n_0   |                                           | DAC0/AD_9783_SPI_inst/data_out_reg[10]_LDC_i_2_n_0   |                1 |              2 |
|  counter_f_reg[11]_i_3_n_0                            | DAC0/AD_9783_SPI_inst/data_out[9]_i_1_n_0 |                                                      |                2 |              2 |
|  spi_clk_BUFG                                         | ADC/LTC2195_SPI_inst/spi_scs_out4_out     |                                                      |                1 |              2 |
|  spi_clk_BUFG                                         |                                           | ADC/LTC2195_SPI_inst/data_out_reg[8]_LDC_i_2_n_0     |                1 |              2 |
|  spi_clk_BUFG                                         | ADC/LTC2195_SPI_inst/data_out[6]_i_1_n_0  | ADC/LTC2195_SPI_inst/data_out_reg[8]_LDC_i_1_n_0     |                1 |              2 |
|  DAC1/AD_9783_SPI_inst/spi_clk_reg_n_0                |                                           | DAC1/AD_9783_SPI_inst/state_f[2]_i_2_n_0             |                1 |              3 |
|  spi_clk_BUFG                                         |                                           | ADC/LTC2195_SPI_inst/state_f[2]_i_2_n_0              |                2 |              3 |
|  counter_f_reg[11]_i_3_n_0                            |                                           | DAC0/AD_9783_SPI_inst/data_out_reg[10]_LDC_i_2_n_0   |                1 |              3 |
|  counter_f_reg[11]_i_3_n_0                            |                                           | DAC0/AD_9783_SPI_inst/state_f[2]_i_2_n_0             |                2 |              3 |
|  ADC/hzClk/CLK                                        |                                           |                                                      |                1 |              4 |
|  ADC/hzClk/CLK                                        | ADC/BScounter0102_out                     | ADC/BScounter01[3]_i_1_n_0                           |                1 |              4 |
|  ADC/clk_div                                          |                                           |                                                      |                1 |              4 |
|  clk_in                                               | DAC0/spi_data[15]_i_1_n_0                 |                                                      |                1 |              4 |
|  counter_f_reg[11]_i_3_n_0                            | DAC0/AD_9783_SPI_inst/data_out[9]_i_1_n_0 | DAC0/AD_9783_SPI_inst/data_out_reg[10]_LDC_i_1_n_0   |                1 |              4 |
|  spi_clk_BUFG                                         | ADC/LTC2195_SPI_inst/data_out[6]_i_1_n_0  |                                                      |                2 |              4 |
|  counter_f_reg[11]_i_3_n_0                            | DAC0/AD_9783_SPI_inst/data_out[9]_i_1_n_0 | DAC0/AD_9783_SPI_inst/data_out_reg[7]_LDC_i_1__0_n_0 |                1 |              4 |
|  counter_f_reg[11]_i_3_n_0                            | DAC0/AD_9783_SPI_inst/data_out[9]_i_1_n_0 | DAC0/AD_9783_SPI_inst/data_out_reg[7]_LDC_i_2__0_n_0 |                1 |              4 |
|  counter_f_reg[11]_i_3_n_0                            | DAC0/AD_9783_SPI_inst/data_out[9]_i_1_n_0 | DAC0/AD_9783_SPI_inst/state_f[2]_i_2_n_0             |                1 |              6 |
|  clk_in                                               | DAC0/counter_f                            | startup_reset/rst_in                                 |                2 |              8 |
|  clk_in                                               | DAC1/counter_f                            | startup_reset/rst_in                                 |                2 |              8 |
|  clk_in                                               | ADC/counter_f                             | startup_reset/rst_in                                 |                2 |              8 |
|  spi_clk_BUFG                                         | ADC/LTC2195_SPI_inst/data_out[6]_i_1_n_0  | ADC/LTC2195_SPI_inst/state_f[2]_i_2_n_0              |                2 |              8 |
|  DAC1/AD_9783_SPI_inst/spi_clk_reg_n_0                | DAC1/AD_9783_SPI_inst/counter_f           | startup_reset/rst_in                                 |                3 |             12 |
|  spi_clk_BUFG                                         | ADC/LTC2195_SPI_inst/counter_f            | startup_reset/rst_in                                 |                3 |             12 |
|  counter_f_reg[11]_i_3_n_0                            | DAC0/AD_9783_SPI_inst/counter_f           | startup_reset/rst_in                                 |                3 |             12 |
|  DAC1/clkD                                            |                                           |                                                      |                7 |             16 |
|  clk_in                                               |                                           | ADC/hzClk/counter[26]_i_1_n_0                        |                7 |             20 |
|  clk_in                                               | startup_reset/counter[0]_i_1_n_0          |                                                      |                8 |             30 |
|  DAC0/clkD                                            |                                           |                                                      |               17 |             31 |
|  clk_in                                               |                                           |                                                      |               28 |             67 |
|  clk_in                                               |                                           | startup_reset/rst_in                                 |               25 |             74 |
+-------------------------------------------------------+-------------------------------------------+------------------------------------------------------+------------------+----------------+


+--------+-----------------------+
| Fanout | Number of ControlSets |
+--------+-----------------------+
| 1      |                    32 |
| 2      |                     5 |
| 3      |                     4 |
| 4      |                     8 |
| 6      |                     1 |
| 8      |                     4 |
| 12     |                     3 |
| 16+    |                     6 |
+--------+-----------------------+


